1 / 33 [=>--------------------------------------------------] 3.03 % 2.71/s 12s
2 / 33 [===>-------------------------------------------------] 6.06 % 4.62/s 7s
3 / 33 [====>------------------------------------------------] 9.09 % 5.53/s 5s
4 / 33 [======>---------------------------------------------] 12.12 % 7.38/s 4s
5 / 33 [=======>--------------------------------------------] 15.15 % 8.32/s 3s
6 / 33 [=========>------------------------------------------] 18.18 % 9.21/s 3s
7 / 33 [===========>----------------------------------------] 21.21 % 9.86/s 3s
8 / 33 [============>--------------------------------------] 24.24 % 10.35/s 2s
9 / 33 [=============>-------------------------------------] 27.27 % 10.93/s 2s
10 / 33 [===============>----------------------------------] 30.30 % 10.86/s 2s
11 / 33 [================>---------------------------------] 33.33 % 11.21/s 2s
12 / 33 [==================>-------------------------------] 36.36 % 11.57/s 2s
13 / 33 [===================>------------------------------] 39.39 % 11.77/s 2s
14 / 33 [=====================>----------------------------] 42.42 % 11.75/s 2s
15 / 33 [======================>---------------------------] 45.45 % 12.01/s 1s
16 / 33 [========================>-------------------------] 48.48 % 12.28/s 1s
17 / 33 [=========================>------------------------] 51.52 % 12.61/s 1s
18 / 33 [===========================>----------------------] 54.55 % 12.31/s 1s
19 / 33 [============================>---------------------] 57.58 % 12.52/s 1s
20 / 33 [==============================>-------------------] 60.61 % 12.76/s 1s
21 / 33 [===============================>------------------] 63.64 % 12.94/s 1s
22 / 33 [=================================>----------------] 66.67 % 13.14/s 1s
23 / 33 [==================================>---------------] 69.70 % 13.36/s 1s
24 / 33 [====================================>-------------] 72.73 % 13.62/s 1s
25 / 33 [=====================================>------------] 75.76 % 13.93/s 1s
26 / 33 [=======================================>----------] 78.79 % 14.15/s 0s
27 / 33 [========================================>---------] 81.82 % 14.35/s 0s
28 / 33 [==========================================>-------] 84.85 % 14.53/s 0s
29 / 33 [===========================================>------] 87.88 % 14.73/s 0s
30 / 33 [=============================================>----] 90.91 % 15.24/s 0s
31 / 33 [==============================================>---] 93.94 % 15.42/s 0s
32 / 33 [================================================>-] 96.97 % 15.68/s 0s
33 / 33 [====================================================] 100.00 % 15.68/s
